# Applied flats log
2026-08-14 15:10:27,166 [INFO] flats: Application sent:
MIT WBS160-220! 1-Zimmer-Wohnung in Mitte
zip code: 10178
flat size: 40.6
rooms: 1.0
property attributes: bad mit dusche, bad mit fenster, wbs
hash: 89d5acf3deae588dbe0e0ad01d01a81991279e51b3d0878c335991a21d09efd0

2026-08-19 09:54:28,996 [INFO] flats: Application sent:
2-Zimmer-Wohnung in Kreuzberg WBS 140/100
zip code: 10969
flat size: 55.31
rooms: 2.0
property attributes: bad mit wanne, aufzug, einbauküche, barrierearm, balkon, wbs
hash: cf52764e8a309c7925a6553fcaeecf7884ee0aa74f3eac679f30f2ef9ef7738b

2026-09-09 15:11:53,313 [INFO] flats: Application sent:
2-Zimmer-Wohnung mit WBS160-220 in Friedrichshain
zip code: 10179
flat size: 52.86
rooms: 2.0
property attributes: bad mit wanne, aufzug, wbs, abstellraum
hash: bc56c6cbaa6dc0243057874a760775d66c3cd482085091e88026a0588a0a894f

